// Jest Snapshot v1, https://goo.gl/fbAQLP

exports[`creatting a node 1`] = `"enlite: invalid instance code"`;

exports[`creatting a node 2`] = `"enlite: invalid instance code"`;
